[20/9/2026, 21.45.41] [ADMIN_PANEL] (Code OFF) Bot dinonaktifkan oleh Admin dari Admin Panel.
[20/9/2026, 21.46.26] [ADMIN_PANEL] (Code OFF) Bot dinonaktifkan oleh Admin dari Admin Panel.
[21/9/2026, 08.16.26] [NETWORK_TEMPORARY] (Code 408) Jaringan / Socket WhatsApp terputus sementara (Code 408): Connection was lost. Reconnecting otomatis...
[21/9/2026, 08.19.31] [NETWORK_TEMPORARY] (Code 408) Jaringan / Socket WhatsApp terputus sementara (Code 408): Connection was lost. Reconnecting otomatis...
[21/9/2026, 08.20.06] [NETWORK_TEMPORARY] (Code 408) Jaringan / Socket WhatsApp terputus sementara (Code 408): Connection was lost. Reconnecting otomatis...
[21/9/2026, 08.21.57] [NETWORK_TEMPORARY] (Code 408) Jaringan / Socket WhatsApp terputus sementara (Code 408): Connection was lost. Reconnecting otomatis...
[21/9/2026, 08.22.46] [NETWORK_TEMPORARY] (Code 408) Jaringan / Socket WhatsApp terputus sementara (Code 408): Connection was lost. Reconnecting otomatis...
[21/9/2026, 08.24.20] [NETWORK_TEMPORARY] (Code 408) Jaringan / Socket WhatsApp terputus sementara (Code 408): Connection was lost. Reconnecting otomatis...
[21/9/2026, 08.26.41] [NETWORK_TEMPORARY] (Code 408) Jaringan / Socket WhatsApp terputus sementara (Code 408): Connection was lost. Reconnecting otomatis...
[21/9/2026, 08.27.38] [NETWORK_TEMPORARY] (Code 408) Jaringan / Socket WhatsApp terputus sementara (Code 408): Connection was lost. Reconnecting otomatis...
[21/9/2026, 08.30.45] [NETWORK_TEMPORARY] (Code 408) Jaringan / Socket WhatsApp terputus sementara (Code 408): Connection was lost. Reconnecting otomatis...
[21/9/2026, 08.32.18] [NETWORK_TEMPORARY] (Code 408) Jaringan / Socket WhatsApp terputus sementara (Code 408): Timed Out. Reconnecting otomatis...
[21/9/2026, 08.32.55] [NETWORK_TEMPORARY] (Code 408) Jaringan / Socket WhatsApp terputus sementara (Code 408): Connection was lost. Reconnecting otomatis...
[21/9/2026, 08.34.13] [NETWORK_TEMPORARY] (Code 408) Jaringan / Socket WhatsApp terputus sementara (Code 408): Connection was lost. Reconnecting otomatis...
[21/9/2026, 08.34.16] [NETWORK_TEMPORARY] (Code 408) Jaringan / Socket WhatsApp terputus sementara (Code 408): WebSocket Error (). Reconnecting otomatis...
[21/9/2026, 08.34.20] [NETWORK_TEMPORARY] (Code 408) Jaringan / Socket WhatsApp terputus sementara (Code 408): WebSocket Error (). Reconnecting otomatis...
[21/9/2026, 08.35.25] [NETWORK_TEMPORARY] (Code 408) Jaringan / Socket WhatsApp terputus sementara (Code 408): Connection was lost. Reconnecting otomatis...
[21/9/2026, 08.35.28] [NETWORK_TEMPORARY] (Code 408) Jaringan / Socket WhatsApp terputus sementara (Code 408): WebSocket Error (). Reconnecting otomatis...
[21/9/2026, 08.35.50] [NETWORK_TEMPORARY] (Code 408) Jaringan / Socket WhatsApp terputus sementara (Code 408): WebSocket Error (). Reconnecting otomatis...
[21/9/2026, 08.37.43] [NETWORK_TEMPORARY] (Code 408) Jaringan / Socket WhatsApp terputus sementara (Code 408): Connection was lost. Reconnecting otomatis...
[21/9/2026, 08.37.47] [NETWORK_TEMPORARY] (Code 408) Jaringan / Socket WhatsApp terputus sementara (Code 408): WebSocket Error (). Reconnecting otomatis...
[21/9/2026, 08.37.50] [NETWORK_TEMPORARY] (Code 408) Jaringan / Socket WhatsApp terputus sementara (Code 408): WebSocket Error (). Reconnecting otomatis...
[21/9/2026, 08.38.53] [NETWORK_TEMPORARY] (Code 408) Jaringan / Socket WhatsApp terputus sementara (Code 408): Connection was lost. Reconnecting otomatis...
[21/9/2026, 08.38.56] [NETWORK_TEMPORARY] (Code 408) Jaringan / Socket WhatsApp terputus sementara (Code 408): WebSocket Error (). Reconnecting otomatis...
[21/9/2026, 08.39.00] [NETWORK_TEMPORARY] (Code 408) Jaringan / Socket WhatsApp terputus sementara (Code 408): WebSocket Error (). Reconnecting otomatis...
[21/9/2026, 08.39.03] [NETWORK_TEMPORARY] (Code 408) Jaringan / Socket WhatsApp terputus sementara (Code 408): WebSocket Error (). Reconnecting otomatis...
[21/9/2026, 08.40.23] [NETWORK_TEMPORARY] (Code 408) Jaringan / Socket WhatsApp terputus sementara (Code 408): Connection was lost. Reconnecting otomatis...
[21/9/2026, 08.44.41] [NETWORK_TEMPORARY] (Code 408) Jaringan / Socket WhatsApp terputus sementara (Code 408): Connection was lost. Reconnecting otomatis...
[21/9/2026, 08.45.44] [NETWORK_TEMPORARY] (Code 408) Jaringan / Socket WhatsApp terputus sementara (Code 408): Connection was lost. Reconnecting otomatis...
[21/9/2026, 08.50.10] [NETWORK_TEMPORARY] (Code 408) Jaringan / Socket WhatsApp terputus sementara (Code 408): Connection was lost. Reconnecting otomatis...
[21/9/2026, 08.51.30] [NETWORK_TEMPORARY] (Code 408) Jaringan / Socket WhatsApp terputus sementara (Code 408): Connection was lost. Reconnecting otomatis...
[21/9/2026, 08.52.37] [NETWORK_TEMPORARY] (Code 408) Jaringan / Socket WhatsApp terputus sementara (Code 408): Connection was lost. Reconnecting otomatis...
[21/9/2026, 08.55.03] [NETWORK_TEMPORARY] (Code 408) Jaringan / Socket WhatsApp terputus sementara (Code 408): Connection was lost. Reconnecting otomatis...
[21/9/2026, 08.56.22] [NETWORK_TEMPORARY] (Code 408) Jaringan / Socket WhatsApp terputus sementara (Code 408): Connection was lost. Reconnecting otomatis...
[21/9/2026, 08.57.26] [NETWORK_TEMPORARY] (Code 408) Jaringan / Socket WhatsApp terputus sementara (Code 408): Connection was lost. Reconnecting otomatis...
[21/9/2026, 08.59.45] [NETWORK_TEMPORARY] (Code 408) Jaringan / Socket WhatsApp terputus sementara (Code 408): Connection was lost. Reconnecting otomatis...
[21/9/2026, 08.59.48] [NETWORK_TEMPORARY] (Code 408) Jaringan / Socket WhatsApp terputus sementara (Code 408): WebSocket Error (). Reconnecting otomatis...
[21/9/2026, 09.01.22] [NETWORK_TEMPORARY] (Code 408) Jaringan / Socket WhatsApp terputus sementara (Code 408): Connection was lost. Reconnecting otomatis...
[21/9/2026, 09.03.11] [NETWORK_TEMPORARY] (Code 408) Jaringan / Socket WhatsApp terputus sementara (Code 408): Connection was lost. Reconnecting otomatis...
[21/9/2026, 09.04.43] [NETWORK_TEMPORARY] (Code 408) Jaringan / Socket WhatsApp terputus sementara (Code 408): Connection was lost. Reconnecting otomatis...
[21/9/2026, 09.06.47] [NETWORK_TEMPORARY] (Code 408) Jaringan / Socket WhatsApp terputus sementara (Code 408): Connection was lost. Reconnecting otomatis...
[21/9/2026, 09.08.21] [NETWORK_TEMPORARY] (Code 408) Jaringan / Socket WhatsApp terputus sementara (Code 408): Connection was lost. Reconnecting otomatis...
[21/9/2026, 09.10.05] [NETWORK_TEMPORARY] (Code 408) Jaringan / Socket WhatsApp terputus sementara (Code 408): Connection was lost. Reconnecting otomatis...
[21/9/2026, 09.11.21] [NETWORK_TEMPORARY] (Code 408) Jaringan / Socket WhatsApp terputus sementara (Code 408): Connection was lost. Reconnecting otomatis...
[21/9/2026, 09.12.13] [NETWORK_TEMPORARY] (Code 408) Jaringan / Socket WhatsApp terputus sementara (Code 408): Connection was lost. Reconnecting otomatis...
[21/9/2026, 09.14.44] [NETWORK_TEMPORARY] (Code 408) Jaringan / Socket WhatsApp terputus sementara (Code 408): Connection was lost. Reconnecting otomatis...
[21/9/2026, 09.15.54] [NETWORK_TEMPORARY] (Code 408) Jaringan / Socket WhatsApp terputus sementara (Code 408): Connection was lost. Reconnecting otomatis...
[21/9/2026, 09.16.16] [NETWORK_TEMPORARY] (Code 428) Jaringan / Socket WhatsApp terputus sementara (Code 428): Connection Terminated. Reconnecting otomatis...
[21/9/2026, 09.17.19] [NETWORK_TEMPORARY] (Code 408) Jaringan / Socket WhatsApp terputus sementara (Code 408): Connection was lost. Reconnecting otomatis...
[21/9/2026, 09.17.23] [NETWORK_TEMPORARY] (Code 408) Jaringan / Socket WhatsApp terputus sementara (Code 408): WebSocket Error (). Reconnecting otomatis...
[21/9/2026, 09.18.41] [NETWORK_TEMPORARY] (Code 408) Jaringan / Socket WhatsApp terputus sementara (Code 408): Connection was lost. Reconnecting otomatis...
[21/9/2026, 09.19.48] [NETWORK_TEMPORARY] (Code 408) Jaringan / Socket WhatsApp terputus sementara (Code 408): Connection was lost. Reconnecting otomatis...
[21/9/2026, 09.20.35] [NETWORK_TEMPORARY] (Code 408) Jaringan / Socket WhatsApp terputus sementara (Code 408): Connection was lost. Reconnecting otomatis...
[21/9/2026, 09.20.40] [NETWORK_TEMPORARY] (Code 408) Jaringan / Socket WhatsApp terputus sementara (Code 408): WebSocket Error (). Reconnecting otomatis...
[21/9/2026, 09.20.43] [NETWORK_TEMPORARY] (Code 408) Jaringan / Socket WhatsApp terputus sementara (Code 408): WebSocket Error (). Reconnecting otomatis...
[21/9/2026, 09.20.47] [NETWORK_TEMPORARY] (Code 408) Jaringan / Socket WhatsApp terputus sementara (Code 408): WebSocket Error (). Reconnecting otomatis...
[21/9/2026, 09.20.50] [NETWORK_TEMPORARY] (Code 408) Jaringan / Socket WhatsApp terputus sementara (Code 408): WebSocket Error (). Reconnecting otomatis...
[21/9/2026, 09.22.37] [NETWORK_TEMPORARY] (Code 408) Jaringan / Socket WhatsApp terputus sementara (Code 408): Connection was lost. Reconnecting otomatis...
[21/9/2026, 09.24.01] [NETWORK_TEMPORARY] (Code 408) Jaringan / Socket WhatsApp terputus sementara (Code 408): Connection was lost. Reconnecting otomatis...
[21/9/2026, 09.28.50] [NETWORK_TEMPORARY] (Code 408) Jaringan / Socket WhatsApp terputus sementara (Code 408): Connection was lost. Reconnecting otomatis...
[21/9/2026, 09.29.53] [NETWORK_TEMPORARY] (Code 408) Jaringan / Socket WhatsApp terputus sementara (Code 408): Connection was lost. Reconnecting otomatis...
[21/9/2026, 09.30.53] [NETWORK_TEMPORARY] (Code 408) Jaringan / Socket WhatsApp terputus sementara (Code 408): Connection was lost. Reconnecting otomatis...
[21/9/2026, 09.31.48] [NETWORK_TEMPORARY] (Code 408) Jaringan / Socket WhatsApp terputus sementara (Code 408): Connection was lost. Reconnecting otomatis...
[21/9/2026, 09.33.40] [NETWORK_TEMPORARY] (Code 408) Jaringan / Socket WhatsApp terputus sementara (Code 408): Connection was lost. Reconnecting otomatis...
[21/9/2026, 09.34.43] [NETWORK_TEMPORARY] (Code 408) Jaringan / Socket WhatsApp terputus sementara (Code 408): Connection was lost. Reconnecting otomatis...
[21/9/2026, 09.34.46] [NETWORK_TEMPORARY] (Code 408) Jaringan / Socket WhatsApp terputus sementara (Code 408): WebSocket Error (). Reconnecting otomatis...
[21/9/2026, 09.34.49] [NETWORK_TEMPORARY] (Code 408) Jaringan / Socket WhatsApp terputus sementara (Code 408): WebSocket Error (). Reconnecting otomatis...
[21/9/2026, 09.35.57] [NETWORK_TEMPORARY] (Code 408) Jaringan / Socket WhatsApp terputus sementara (Code 408): Connection was lost. Reconnecting otomatis...
[21/9/2026, 09.37.33] [NETWORK_TEMPORARY] (Code 408) Jaringan / Socket WhatsApp terputus sementara (Code 408): Connection was lost. Reconnecting otomatis...
[21/9/2026, 09.38.22] [NETWORK_TEMPORARY] (Code 408) Jaringan / Socket WhatsApp terputus sementara (Code 408): Connection was lost. Reconnecting otomatis...
[21/9/2026, 09.39.28] [NETWORK_TEMPORARY] (Code 408) Jaringan / Socket WhatsApp terputus sementara (Code 408): Connection was lost. Reconnecting otomatis...
[21/9/2026, 09.41.15] [NETWORK_TEMPORARY] (Code 408) Jaringan / Socket WhatsApp terputus sementara (Code 408): Connection was lost. Reconnecting otomatis...
[21/9/2026, 09.43.11] [NETWORK_TEMPORARY] (Code 408) Jaringan / Socket WhatsApp terputus sementara (Code 408): Connection was lost. Reconnecting otomatis...
[21/9/2026, 09.43.15] [SESSION_CONFLICT] (Code 440) Sesi WhatsApp aktif di perangkat/proses lain (Conflict Code 440).
[21/9/2026, 09.43.19] [NETWORK_TEMPORARY] (Code 408) Jaringan / Socket WhatsApp terputus sementara (Code 408): WebSocket Error (). Reconnecting otomatis...
[21/9/2026, 09.43.23] [SESSION_CONFLICT] (Code 440) Sesi WhatsApp aktif di perangkat/proses lain (Conflict Code 440).
[21/9/2026, 09.44.36] [NETWORK_TEMPORARY] (Code 408) Jaringan / Socket WhatsApp terputus sementara (Code 408): Connection was lost. Reconnecting otomatis...
[21/9/2026, 09.46.03] [ADMIN_PANEL] (Code OFF) Bot dinonaktifkan oleh Admin dari Admin Panel.
[21/9/2026, 09.47.34] [NETWORK_TEMPORARY] (Code 408) Jaringan / Socket WhatsApp terputus sementara (Code 408): Timed Out. Reconnecting otomatis...
[21/9/2026, 09.47.40] [SESSION_CONFLICT] (Code 440) Sesi WhatsApp aktif di perangkat/proses lain (Conflict Code 440).
[21/9/2026, 09.48.25] [NETWORK_TEMPORARY] (Code 408) Jaringan / Socket WhatsApp terputus sementara (Code 408): Connection was lost. Reconnecting otomatis...
[21/9/2026, 09.49.30] [NETWORK_TEMPORARY] (Code 408) Jaringan / Socket WhatsApp terputus sementara (Code 408): Connection was lost. Reconnecting otomatis...
[21/9/2026, 09.50.35] [NETWORK_TEMPORARY] (Code 408) Jaringan / Socket WhatsApp terputus sementara (Code 408): Connection was lost. Reconnecting otomatis...
[21/9/2026, 09.50.38] [NETWORK_TEMPORARY] (Code 408) Jaringan / Socket WhatsApp terputus sementara (Code 408): WebSocket Error (getaddrinfo EAI_AGAIN web.whatsapp.com). Reconnecting otomatis...
[21/9/2026, 09.50.41] [NETWORK_TEMPORARY] (Code 408) Jaringan / Socket WhatsApp terputus sementara (Code 408): WebSocket Error (getaddrinfo EAI_AGAIN web.whatsapp.com). Reconnecting otomatis...
[21/9/2026, 09.50.44] [NETWORK_TEMPORARY] (Code 408) Jaringan / Socket WhatsApp terputus sementara (Code 408): WebSocket Error (getaddrinfo EAI_AGAIN web.whatsapp.com). Reconnecting otomatis...
[21/9/2026, 09.51.47] [NETWORK_TEMPORARY] (Code 408) Jaringan / Socket WhatsApp terputus sementara (Code 408): Connection was lost. Reconnecting otomatis...
[21/9/2026, 09.51.52] [NETWORK_TEMPORARY] (Code 408) Jaringan / Socket WhatsApp terputus sementara (Code 408): WebSocket Error (getaddrinfo EAI_AGAIN web.whatsapp.com). Reconnecting otomatis...
[21/9/2026, 09.51.55] [NETWORK_TEMPORARY] (Code 408) Jaringan / Socket WhatsApp terputus sementara (Code 408): WebSocket Error (getaddrinfo EAI_AGAIN web.whatsapp.com). Reconnecting otomatis...
[21/9/2026, 09.51.58] [NETWORK_TEMPORARY] (Code 408) Jaringan / Socket WhatsApp terputus sementara (Code 408): WebSocket Error (getaddrinfo EAI_AGAIN web.whatsapp.com). Reconnecting otomatis...
[21/9/2026, 09.52.01] [NETWORK_TEMPORARY] (Code 408) Jaringan / Socket WhatsApp terputus sementara (Code 408): WebSocket Error (getaddrinfo EAI_AGAIN web.whatsapp.com). Reconnecting otomatis...
[21/9/2026, 09.53.19] [NETWORK_TEMPORARY] (Code 408) Jaringan / Socket WhatsApp terputus sementara (Code 408): Connection was lost. Reconnecting otomatis...
[21/9/2026, 09.53.22] [NETWORK_TEMPORARY] (Code 408) Jaringan / Socket WhatsApp terputus sementara (Code 408): WebSocket Error (). Reconnecting otomatis...
[21/9/2026, 09.55.11] [NETWORK_TEMPORARY] (Code 408) Jaringan / Socket WhatsApp terputus sementara (Code 408): Connection was lost. Reconnecting otomatis...
[21/9/2026, 09.57.15] [NETWORK_TEMPORARY] (Code 408) Jaringan / Socket WhatsApp terputus sementara (Code 408): Connection was lost. Reconnecting otomatis...
[21/9/2026, 10.02.29] [NETWORK_TEMPORARY] (Code 408) Jaringan / Socket WhatsApp terputus sementara (Code 408): Connection was lost. Reconnecting otomatis...
[21/9/2026, 10.04.05] [NETWORK_TEMPORARY] (Code 408) Jaringan / Socket WhatsApp terputus sementara (Code 408): Connection was lost. Reconnecting otomatis...
[21/9/2026, 10.04.08] [NETWORK_TEMPORARY] (Code 408) Jaringan / Socket WhatsApp terputus sementara (Code 408): WebSocket Error (). Reconnecting otomatis...
[21/9/2026, 10.07.10] [NETWORK_TEMPORARY] (Code 408) Jaringan / Socket WhatsApp terputus sementara (Code 408): Connection was lost. Reconnecting otomatis...
[21/9/2026, 10.10.24] [NETWORK_TEMPORARY] (Code 408) Jaringan / Socket WhatsApp terputus sementara (Code 408): Connection was lost. Reconnecting otomatis...
[21/9/2026, 10.10.28] [NETWORK_TEMPORARY] (Code 408) Jaringan / Socket WhatsApp terputus sementara (Code 408): WebSocket Error (). Reconnecting otomatis...
[21/9/2026, 10.10.31] [NETWORK_TEMPORARY] (Code 408) Jaringan / Socket WhatsApp terputus sementara (Code 408): WebSocket Error (). Reconnecting otomatis...
[21/9/2026, 10.10.34] [NETWORK_TEMPORARY] (Code 408) Jaringan / Socket WhatsApp terputus sementara (Code 408): WebSocket Error (). Reconnecting otomatis...
[21/9/2026, 10.10.44] [WHATSAPP_APP] (Code 401) Sesi WhatsApp di-logout dari aplikasi WhatsApp di HP (Code 401). Menyiapkan QR Code baru...
[21/9/2026, 10.11.24] [QR_TIMEOUT] (Code 408) Waktu scan QR Code habis (Expired Code 408). Menyiapkan QR Code baru...
[21/9/2026, 10.12.55] [QR_TIMEOUT] (Code 408) Waktu scan QR Code habis (Expired Code 408). Menyiapkan QR Code baru...
